Copyright 1986-2022 Xilinx, Inc. All Rights Reserved. Copyright 2022-2024 Advanced Micro Devices, Inc. All Rights Reserved.
--------------------------------------------------------------------------------------------------------------------------------------------------
| Tool Version      : Vivado v.2024.1 (lin64) Build 5076996 Wed May 22 18:36:09 MDT 2024
| Date              : Tue Jun 16 09:44:33 2026
| Host              : iamjames77-MS-7D76 running 64-bit Ubuntu 22.04.5 LTS
| Command           : report_timing_summary -file timing_summary.rpt
| Design            : top_fsm_decoder_block_fixture
| Device            : xczu7ev-ffvc1156
| Speed File        : -2  PRODUCTION 1.30 05-15-2022
| Design State      : Routed
| Temperature Grade : E
--------------------------------------------------------------------------------------------------------------------------------------------------

Timing Summary Report

------------------------------------------------------------------------------------------------
| Timer Settings
| --------------
------------------------------------------------------------------------------------------------

  Enable Multi Corner Analysis               :  Yes
  Enable Pessimism Removal                   :  Yes
  Pessimism Removal Resolution               :  Nearest Common Node
  Enable Input Delay Default Clock           :  No
  Enable Preset / Clear Arcs                 :  No
  Disable Flight Delays                      :  No
  Ignore I/O Paths                           :  No
  Timing Early Launch at Borrowing Latches   :  No
  Borrow Time for Max Delay Exceptions       :  Yes
  Merge Timing Exceptions                    :  Yes
  Inter-SLR Compensation                     :  Conservative

  Corner  Analyze    Analyze    
  Name    Max Paths  Min Paths  
  ------  ---------  ---------  
  Slow    Yes        Yes        
  Fast    Yes        Yes        


------------------------------------------------------------------------------------------------
| Report Methodology
| ------------------
------------------------------------------------------------------------------------------------

No report available as report_methodology has not been run prior. Run report_methodology on the current design for the summary of methodology violations.



check_timing report

Table of Contents
-----------------
1. checking no_clock (0)
2. checking constant_clock (0)
3. checking pulse_width_clock (0)
4. checking unconstrained_internal_endpoints (0)
5. checking no_input_delay (2)
6. checking no_output_delay (90)
7. checking multiple_clock (0)
8. checking generated_clocks (0)
9. checking loops (0)
10. checking partial_input_delay (0)
11. checking partial_output_delay (0)
12. checking latch_loops (0)

1. checking no_clock (0)
------------------------
 There are 0 register/latch pins with no clock.


2. checking constant_clock (0)
------------------------------
 There are 0 register/latch pins with constant_clock.


3. checking pulse_width_clock (0)
---------------------------------
 There are 0 register/latch pins which need pulse_width check


4. checking unconstrained_internal_endpoints (0)
------------------------------------------------
 There are 0 pins that are not constrained for maximum delay.

 There are 0 pins that are not constrained for maximum delay due to constant clock.


5. checking no_input_delay (2)
------------------------------
 There are 2 input ports with no input delay specified. (HIGH)

 There are 0 input ports with no input delay but user has a false path constraint.


6. checking no_output_delay (90)
--------------------------------
 There are 90 ports with no output delay specified. (HIGH)

 There are 0 ports with no output delay but user has a false path constraint

 There are 0 ports with no output delay but with a timing clock defined on it or propagating through it


7. checking multiple_clock (0)
------------------------------
 There are 0 register/latch pins with multiple clocks.


8. checking generated_clocks (0)
--------------------------------
 There are 0 generated clocks that are not connected to a clock source.


9. checking loops (0)
---------------------
 There are 0 combinational loops in the design.


10. checking partial_input_delay (0)
------------------------------------
 There are 0 input ports with partial input delay specified.


11. checking partial_output_delay (0)
-------------------------------------
 There are 0 ports with partial output delay specified.


12. checking latch_loops (0)
----------------------------
 There are 0 combinational latch loops in the design through latch input



------------------------------------------------------------------------------------------------
| Design Timing Summary
| ---------------------
------------------------------------------------------------------------------------------------

    WNS(ns)      TNS(ns)  TNS Failing Endpoints  TNS Total Endpoints      WHS(ns)      THS(ns)  THS Failing Endpoints  THS Total Endpoints     WPWS(ns)     TPWS(ns)  TPWS Failing Endpoints  TPWS Total Endpoints  
    -------      -------  ---------------------  -------------------      -------      -------  ---------------------  -------------------     --------     --------  ----------------------  --------------------  
      1.265        0.000                      0                 2052        0.018        0.000                      0                 2052        2.225        0.000                       0                   844  


All user specified timing constraints are met.


------------------------------------------------------------------------------------------------
| Clock Summary
| -------------
------------------------------------------------------------------------------------------------

Clock  Waveform(ns)         Period(ns)      Frequency(MHz)
-----  ------------         ----------      --------------
aclk   {0.000 2.500}        5.000           200.000         


------------------------------------------------------------------------------------------------
| Intra Clock Table
| -----------------
------------------------------------------------------------------------------------------------

Clock             WNS(ns)      TNS(ns)  TNS Failing Endpoints  TNS Total Endpoints      WHS(ns)      THS(ns)  THS Failing Endpoints  THS Total Endpoints     WPWS(ns)     TPWS(ns)  TPWS Failing Endpoints  TPWS Total Endpoints  
-----             -------      -------  ---------------------  -------------------      -------      -------  ---------------------  -------------------     --------     --------  ----------------------  --------------------  
aclk                1.265        0.000                      0                 2052        0.018        0.000                      0                 2052        2.225        0.000                       0                   844  


------------------------------------------------------------------------------------------------
| Inter Clock Table
| -----------------
------------------------------------------------------------------------------------------------

From Clock    To Clock          WNS(ns)      TNS(ns)  TNS Failing Endpoints  TNS Total Endpoints      WHS(ns)      THS(ns)  THS Failing Endpoints  THS Total Endpoints  
----------    --------          -------      -------  ---------------------  -------------------      -------      -------  ---------------------  -------------------  


------------------------------------------------------------------------------------------------
| Other Path Groups Table
| -----------------------
------------------------------------------------------------------------------------------------

Path Group    From Clock    To Clock          WNS(ns)      TNS(ns)  TNS Failing Endpoints  TNS Total Endpoints      WHS(ns)      THS(ns)  THS Failing Endpoints  THS Total Endpoints  
----------    ----------    --------          -------      -------  ---------------------  -------------------      -------      -------  ---------------------  -------------------  


------------------------------------------------------------------------------------------------
| Timing Details
| --------------
------------------------------------------------------------------------------------------------


---------------------------------------------------------------------------------------------------
From Clock:  aclk
  To Clock:  aclk

Setup :            0  Failing Endpoints,  Worst Slack        1.265ns,  Total Violation        0.000ns
Hold  :            0  Failing Endpoints,  Worst Slack        0.018ns,  Total Violation        0.000ns
PW    :            0  Failing Endpoints,  Worst Slack        2.225ns,  Total Violation        0.000ns
---------------------------------------------------------------------------------------------------


Max Delay Paths
--------------------------------------------------------------------------------------
Slack (MET) :             1.265ns  (required time - arrival time)
  Source:                 u_layer_fsm_decoder_block_fixture/u_decoder_block_attention_mlp_fixture/u_residual_mlp_fixture/(null)[0].value_i0/DSP_A_B_DATA_INST/CLK
                            (rising edge-triggered cell DSP_A_B_DATA clocked by aclk  {rise@0.000ns fall@2.500ns period=5.000ns})
  Destination:            u_layer_fsm_decoder_block_fixture/u_decoder_block_attention_mlp_fixture/u_residual_mlp_fixture/(null)[0].value_i0__3/DSP_A_B_DATA_INST/A[20]
                            (rising edge-triggered cell DSP_A_B_DATA clocked by aclk  {rise@0.000ns fall@2.500ns period=5.000ns})
  Path Group:             aclk
  Path Type:              Setup (Max at Slow Process Corner)
  Requirement:            5.000ns  (aclk rise@5.000ns - aclk rise@0.000ns)
  Data Path Delay:        3.319ns  (logic 2.118ns (63.811%)  route 1.201ns (36.189%))
  Logic Levels:           9  (CARRY8=2 DSP_ALU=1 DSP_M_DATA=1 DSP_MULTIPLIER=1 DSP_OUTPUT=1 DSP_PREADD_DATA=1 LUT2=1 LUT3=1)
  Clock Path Skew:        -0.113ns (DCD - SCD + CPR)
    Destination Clock Delay (DCD):    2.987ns = ( 7.987 - 5.000 ) 
    Source Clock Delay      (SCD):    3.831ns
    Clock Pessimism Removal (CPR):    0.732ns
  Clock Uncertainty:      0.035ns  ((TSJ^2 + TIJ^2)^1/2 + DJ) / 2 + PE
    Total System Jitter     (TSJ):    0.071ns
    Total Input Jitter      (TIJ):    0.000ns
    Discrete Jitter          (DJ):    0.000ns
    Phase Error              (PE):    0.000ns
  Clock Net Delay (Source):      2.537ns (routing 1.552ns, distribution 0.985ns)
  Clock Net Delay (Destination): 2.239ns (routing 1.410ns, distribution 0.829ns)

    Location             Delay type                Incr(ns)  Path(ns)    Netlist Resource(s)
  -------------------------------------------------------------------    -------------------
                         (clock aclk rise edge)       0.000     0.000 r  
    C3                                                0.000     0.000 r  aclk (IN)
                         net (fo=0)                   0.000     0.000    aclk_IBUF_inst/I
    C3                   INBUF (Prop_INBUF_HDIOB_M_PAD_O)
                                                      1.062     1.062 r  aclk_IBUF_inst/INBUF_INST/O
                         net (fo=1, routed)           0.000     1.062    aclk_IBUF_inst/OUT
    C3                   IBUFCTRL (Prop_IBUFCTRL_HDIOB_M_I_O)
                                                      0.000     1.062 r  aclk_IBUF_inst/IBUFCTRL_INST/O
                         net (fo=1, routed)           0.204     1.266    aclk_IBUF
    BUFGCE_HDIO_X2Y2     BUFGCE (Prop_BUFCE_BUFGCE_HDIO_I_O)
                                                      0.028     1.294 r  aclk_IBUF_BUFG_inst/O
    X1Y2 (CLOCK_ROOT)    net (fo=891, routed)         2.537     3.831    u_layer_fsm_decoder_block_fixture/u_decoder_block_attention_mlp_fixture/u_residual_mlp_fixture/(null)[0].value_i0/CLK
    DSP48E2_X7Y54        DSP_A_B_DATA                                 r  u_layer_fsm_decoder_block_fixture/u_decoder_block_attention_mlp_fixture/u_residual_mlp_fixture/(null)[0].value_i0/DSP_A_B_DATA_INST/CLK
  -------------------------------------------------------------------    -------------------
    DSP48E2_X7Y54        DSP_A_B_DATA (Prop_DSP_A_B_DATA_DSP48E2_CLK_B2_DATA[17])
                                                      0.212     4.043 r  u_layer_fsm_decoder_block_fixture/u_decoder_block_attention_mlp_fixture/u_residual_mlp_fixture/(null)[0].value_i0/DSP_A_B_DATA_INST/B2_DATA[17]
                         net (fo=1, routed)           0.000     4.043    u_layer_fsm_decoder_block_fixture/u_decoder_block_attention_mlp_fixture/u_residual_mlp_fixture/(null)[0].value_i0/DSP_A_B_DATA.B2_DATA<17>
    DSP48E2_X7Y54        DSP_PREADD_DATA (Prop_DSP_PREADD_DATA_DSP48E2_B2_DATA[17]_B2B1[17])
                                                      0.073     4.116 r  u_layer_fsm_decoder_block_fixture/u_decoder_block_attention_mlp_fixture/u_residual_mlp_fixture/(null)[0].value_i0/DSP_PREADD_DATA_INST/B2B1[17]
                         net (fo=1, routed)           0.000     4.116    u_layer_fsm_decoder_block_fixture/u_decoder_block_attention_mlp_fixture/u_residual_mlp_fixture/(null)[0].value_i0/DSP_PREADD_DATA.B2B1<17>
    DSP48E2_X7Y54        DSP_MULTIPLIER (Prop_DSP_MULTIPLIER_DSP48E2_B2B1[17]_V[27])
                                                      0.609     4.725 f  u_layer_fsm_decoder_block_fixture/u_decoder_block_attention_mlp_fixture/u_residual_mlp_fixture/(null)[0].value_i0/DSP_MULTIPLIER_INST/V[27]
                         net (fo=1, routed)           0.000     4.725    u_layer_fsm_decoder_block_fixture/u_decoder_block_attention_mlp_fixture/u_residual_mlp_fixture/(null)[0].value_i0/DSP_MULTIPLIER.V<27>
    DSP48E2_X7Y54        DSP_M_DATA (Prop_DSP_M_DATA_DSP48E2_V[27]_V_DATA[27])
                                                      0.046     4.771 r  u_layer_fsm_decoder_block_fixture/u_decoder_block_attention_mlp_fixture/u_residual_mlp_fixture/(null)[0].value_i0/DSP_M_DATA_INST/V_DATA[27]
                         net (fo=1, routed)           0.000     4.771    u_layer_fsm_decoder_block_fixture/u_decoder_block_attention_mlp_fixture/u_residual_mlp_fixture/(null)[0].value_i0/DSP_M_DATA.V_DATA<27>
    DSP48E2_X7Y54        DSP_ALU (Prop_DSP_ALU_DSP48E2_V_DATA[27]_ALU_OUT[27])
                                                      0.571     5.342 f  u_layer_fsm_decoder_block_fixture/u_decoder_block_attention_mlp_fixture/u_residual_mlp_fixture/(null)[0].value_i0/DSP_ALU_INST/ALU_OUT[27]
                         net (fo=1, routed)           0.000     5.342    u_layer_fsm_decoder_block_fixture/u_decoder_block_attention_mlp_fixture/u_residual_mlp_fixture/(null)[0].value_i0/DSP_ALU.ALU_OUT<27>
    DSP48E2_X7Y54        DSP_OUTPUT (Prop_DSP_OUTPUT_DSP48E2_ALU_OUT[27]_P[27])
                                                      0.109     5.451 r  u_layer_fsm_decoder_block_fixture/u_decoder_block_attention_mlp_fixture/u_residual_mlp_fixture/(null)[0].value_i0/DSP_OUTPUT_INST/P[27]
                         net (fo=4, routed)           0.307     5.758    u_layer_fsm_decoder_block_fixture/u_decoder_block_attention_mlp_fixture/u_residual_mlp_fixture/(null)[0].value_i0_n_78
    SLICE_X72Y139        LUT2 (Prop_E6LUT_SLICEL_I1_O)
                                                      0.147     5.905 r  u_layer_fsm_decoder_block_fixture/u_decoder_block_attention_mlp_fixture/u_residual_mlp_fixture/(null)[0].value_i0__3_i_108/O
                         net (fo=1, routed)           0.007     5.912    u_layer_fsm_decoder_block_fixture/u_decoder_block_attention_mlp_fixture/u_residual_mlp_fixture/(null)[0].value_i0__3_i_108_n_0
    SLICE_X72Y139        CARRY8 (Prop_CARRY8_SLICEL_S[4]_CO[7])
                                                      0.153     6.065 r  u_layer_fsm_decoder_block_fixture/u_decoder_block_attention_mlp_fixture/u_residual_mlp_fixture/(null)[0].value_i0__3_i_74/CO[7]
                         net (fo=1, routed)           0.026     6.091    u_layer_fsm_decoder_block_fixture/u_decoder_block_attention_mlp_fixture/u_residual_mlp_fixture/(null)[0].value_i0__3_i_74_n_0
    SLICE_X72Y140        CARRY8 (Prop_CARRY8_SLICEL_CI_CO[0])
                                                      0.052     6.143 r  u_layer_fsm_decoder_block_fixture/u_decoder_block_attention_mlp_fixture/u_residual_mlp_fixture/(null)[0].value_i0__3_i_38/CO[0]
                         net (fo=16, routed)          0.491     6.634    u_layer_fsm_decoder_block_fixture/u_decoder_block_attention_mlp_fixture/u_residual_mlp_fixture/(null)[0].value_i0__3_i_38_n_7
    SLICE_X76Y142        LUT3 (Prop_D6LUT_SLICEL_I1_O)
                                                      0.146     6.780 r  u_layer_fsm_decoder_block_fixture/u_decoder_block_attention_mlp_fixture/u_residual_mlp_fixture/(null)[0].value_i0__3_i_18/O
                         net (fo=15, routed)          0.371     7.151    u_layer_fsm_decoder_block_fixture/u_decoder_block_attention_mlp_fixture/u_residual_mlp_fixture/(null)[0].value_i0__3/A[20]
    DSP48E2_X8Y57        DSP_A_B_DATA                                 r  u_layer_fsm_decoder_block_fixture/u_decoder_block_attention_mlp_fixture/u_residual_mlp_fixture/(null)[0].value_i0__3/DSP_A_B_DATA_INST/A[20]
  -------------------------------------------------------------------    -------------------

                         (clock aclk rise edge)       5.000     5.000 r  
    C3                                                0.000     5.000 r  aclk (IN)
                         net (fo=0)                   0.000     5.000    aclk_IBUF_inst/I
    C3                   INBUF (Prop_INBUF_HDIOB_M_PAD_O)
                                                      0.555     5.555 r  aclk_IBUF_inst/INBUF_INST/O
                         net (fo=1, routed)           0.000     5.555    aclk_IBUF_inst/OUT
    C3                   IBUFCTRL (Prop_IBUFCTRL_HDIOB_M_I_O)
                                                      0.000     5.555 r  aclk_IBUF_inst/IBUFCTRL_INST/O
                         net (fo=1, routed)           0.169     5.724    aclk_IBUF
    BUFGCE_HDIO_X2Y2     BUFGCE (Prop_BUFCE_BUFGCE_HDIO_I_O)
                                                      0.024     5.748 r  aclk_IBUF_BUFG_inst/O
    X1Y2 (CLOCK_ROOT)    net (fo=891, routed)         2.239     7.987    u_layer_fsm_decoder_block_fixture/u_decoder_block_attention_mlp_fixture/u_residual_mlp_fixture/(null)[0].value_i0__3/CLK
    DSP48E2_X8Y57        DSP_A_B_DATA                                 r  u_layer_fsm_decoder_block_fixture/u_decoder_block_attention_mlp_fixture/u_residual_mlp_fixture/(null)[0].value_i0__3/DSP_A_B_DATA_INST/CLK
                         clock pessimism              0.732     8.718    
                         clock uncertainty           -0.035     8.683    
    DSP48E2_X8Y57        DSP_A_B_DATA (Setup_DSP_A_B_DATA_DSP48E2_CLK_A[20])
                                                     -0.268     8.415    u_layer_fsm_decoder_block_fixture/u_decoder_block_attention_mlp_fixture/u_residual_mlp_fixture/(null)[0].value_i0__3/DSP_A_B_DATA_INST
  -------------------------------------------------------------------
                         required time                          8.415    
                         arrival time                          -7.151    
  -------------------------------------------------------------------
                         slack                                  1.265    





Min Delay Paths
--------------------------------------------------------------------------------------
Slack (MET) :             0.018ns  (arrival time - required time)
  Source:                 FSM_sequential_state_r_reg[1]/C
                            (rising edge-triggered cell FDRE clocked by aclk  {rise@0.000ns fall@2.500ns period=5.000ns})
  Destination:            top_trace_r_reg[0]/D
                            (rising edge-triggered cell FDRE clocked by aclk  {rise@0.000ns fall@2.500ns period=5.000ns})
  Path Group:             aclk
  Path Type:              Hold (Min at Slow Process Corner)
  Requirement:            0.000ns  (aclk rise@0.000ns - aclk rise@0.000ns)
  Data Path Delay:        0.187ns  (logic 0.095ns (50.775%)  route 0.092ns (49.225%))
  Logic Levels:           1  (LUT5=1)
  Clock Path Skew:        0.107ns (DCD - SCD - CPR)
    Destination Clock Delay (DCD):    3.802ns
    Source Clock Delay      (SCD):    2.964ns
    Clock Pessimism Removal (CPR):    0.732ns
  Clock Net Delay (Source):      2.216ns (routing 1.410ns, distribution 0.806ns)
  Clock Net Delay (Destination): 2.508ns (routing 1.552ns, distribution 0.956ns)

    Location             Delay type                Incr(ns)  Path(ns)    Netlist Resource(s)
  -------------------------------------------------------------------    -------------------
                         (clock aclk rise edge)       0.000     0.000 r  
    C3                                                0.000     0.000 r  aclk (IN)
                         net (fo=0)                   0.000     0.000    aclk_IBUF_inst/I
    C3                   INBUF (Prop_INBUF_HDIOB_M_PAD_O)
                                                      0.555     0.555 r  aclk_IBUF_inst/INBUF_INST/O
                         net (fo=1, routed)           0.000     0.555    aclk_IBUF_inst/OUT
    C3                   IBUFCTRL (Prop_IBUFCTRL_HDIOB_M_I_O)
                                                      0.000     0.555 r  aclk_IBUF_inst/IBUFCTRL_INST/O
                         net (fo=1, routed)           0.169     0.724    aclk_IBUF
    BUFGCE_HDIO_X2Y2     BUFGCE (Prop_BUFCE_BUFGCE_HDIO_I_O)
                                                      0.024     0.748 r  aclk_IBUF_BUFG_inst/O
    X1Y2 (CLOCK_ROOT)    net (fo=891, routed)         2.216     2.964    aclk_IBUF_BUFG
    SLICE_X73Y155        FDRE                                         r  FSM_sequential_state_r_reg[1]/C
  -------------------------------------------------------------------    -------------------
    SLICE_X73Y155        FDRE (Prop_DFF2_SLICEM_C_Q)
                                                      0.061     3.025 r  FSM_sequential_state_r_reg[1]/Q
                         net (fo=83, routed)          0.083     3.108    FSM_sequential_state_r_reg_n_0_[1]
    SLICE_X71Y155        LUT5 (Prop_H5LUT_SLICEM_I3_O)
                                                      0.034     3.142 r  top_trace_r[0]_i_1/O
                         net (fo=1, routed)           0.009     3.151    top_trace_r[0]_i_1_n_0
    SLICE_X71Y155        FDRE                                         r  top_trace_r_reg[0]/D
  -------------------------------------------------------------------    -------------------

                         (clock aclk rise edge)       0.000     0.000 r  
    C3                                                0.000     0.000 r  aclk (IN)
                         net (fo=0)                   0.000     0.000    aclk_IBUF_inst/I
    C3                   INBUF (Prop_INBUF_HDIOB_M_PAD_O)
                                                      1.062     1.062 r  aclk_IBUF_inst/INBUF_INST/O
                         net (fo=1, routed)           0.000     1.062    aclk_IBUF_inst/OUT
    C3                   IBUFCTRL (Prop_IBUFCTRL_HDIOB_M_I_O)
                                                      0.000     1.062 r  aclk_IBUF_inst/IBUFCTRL_INST/O
                         net (fo=1, routed)           0.204     1.266    aclk_IBUF
    BUFGCE_HDIO_X2Y2     BUFGCE (Prop_BUFCE_BUFGCE_HDIO_I_O)
                                                      0.028     1.294 r  aclk_IBUF_BUFG_inst/O
    X1Y2 (CLOCK_ROOT)    net (fo=891, routed)         2.508     3.802    aclk_IBUF_BUFG
    SLICE_X71Y155        FDRE                                         r  top_trace_r_reg[0]/C
                         clock pessimism             -0.732     3.071    
    SLICE_X71Y155        FDRE (Hold_HFF2_SLICEM_C_D)
                                                      0.062     3.133    top_trace_r_reg[0]
  -------------------------------------------------------------------
                         required time                         -3.133    
                         arrival time                           3.151    
  -------------------------------------------------------------------
                         slack                                  0.018    





Pulse Width Checks
--------------------------------------------------------------------------------------
Clock Name:         aclk
Waveform(ns):       { 0.000 2.500 }
Period(ns):         5.000
Sources:            { aclk }

Check Type        Corner  Lib Pin   Reference Pin  Required(ns)  Actual(ns)  Slack(ns)  Location          Pin
Min Period        n/a     BUFGCE/I  n/a            1.290         5.000       3.710      BUFGCE_HDIO_X2Y2  aclk_IBUF_BUFG_inst/I
Low Pulse Width   Slow    FDRE/C    n/a            0.275         2.500       2.225      SLICE_X73Y155     FSM_sequential_state_r_reg[0]/C
High Pulse Width  Slow    FDRE/C    n/a            0.275         2.500       2.225      SLICE_X73Y155     FSM_sequential_state_r_reg[0]/C



